src/app/(tools)/header-footer-pdf/page.tsx(99,32): error TS1005: ',' expected.
